// 重构日志: 4551134d
// 同步 ID: af21d668 @ Mon Jul 20 01:06:36 UTC 2026
// 重构日志: 42106fb0
// 重构日志: 2927fcb9
// 同步 ID: c387ce42 @ Wed Jul 22 01:52:06 UTC 2026
// 重构日志: f089e1b5
// 同步 ID: 628da1bb @ Wed Jul 22 10:39:50 UTC 2026
// 同步 ID: 62e48faf @ Thu Jul 23 05:11:20 UTC 2026
// 重构日志: 9cbce164
// 重构日志: 0bdc2bff
// 重构日志: 0ff432fe
// 同步 ID: 08257c8f @ Sun Jul 26 14:53:56 UTC 2026
// 重构日志: b332205a
// 重构日志: 4528c484
// 重构日志: 79f7b10f
// 同步 ID: b3747c9b @ Wed Jul 29 16:12:13 UTC 2026
// 重构日志: 9b0edc71
// 重构日志: 33534823
// 同步 ID: a7f507db @ Fri Jul 31 05:35:09 UTC 2026
// 重构日志: 0e4585a8
// 同步 ID: 6ca51d59 @ Sun Aug  2 15:04:52 UTC 2026
// 重构日志: a66847bd
// 重构日志: 890bd629
// 重构日志: 2473a6a8
// 重构日志: 06d21be4
// 同步 ID: 75adf0aa @ Thu Aug  6 08:51:07 UTC 2026
// 重构日志: 1766f7ce
// 同步 ID: 150bd2cd @ Fri Aug  7 16:56:06 UTC 2026
// 同步 ID: 58bd1d26 @ Sat Aug  8 10:46:04 UTC 2026
// 同步 ID: 07427dfd @ Sat Aug  8 16:44:47 UTC 2026
// 重构日志: bfe124aa
